Non-zero model percentage: 100.0%, Non-zero mask percentage: 100.0%

--- Pruning Level [0/7]: ---
classifier.0.weight  | nonzeros =  235200 /  235200             (100.00%) | total_pruned =       0 | shape = torch.Size([300, 784])
classifier.0.bias    | nonzeros =     300 /     300             (100.00%) | total_pruned =       0 | shape = torch.Size([300])
classifier.2.weight  | nonzeros =   30000 /   30000             (100.00%) | total_pruned =       0 | shape = torch.Size([100, 300])
classifier.2.bias    | nonzeros =     100 /     100             (100.00%) | total_pruned =       0 | shape = torch.Size([100])
classifier.4.weight  | nonzeros =    1000 /    1000             (100.00%) | total_pruned =       0 | shape = torch.Size([10, 100])
classifier.4.bias    | nonzeros =      10 /      10             (100.00%) | total_pruned =       0 | shape = torch.Size([10])
alive: 266610, pruned : 0, total: 266610, Compression rate :       1.00x  (  0.00% pruned)
Train Epoch: 27/100 Loss: 2.299939 Accuracy: 10.00 10.00 % Best test Accuracy: 31.51%
Pruning with threshold : 0.01107358224689962
Non-zero model percentage: 20.0%, Non-zero mask percentage: 20.0%

--- Pruning Level [1/7]: ---
classifier.0.weight  | nonzeros =   49181 /  235200             ( 20.91%) | total_pruned =  186019 | shape = torch.Size([300, 784])
classifier.0.bias    | nonzeros =      94 /     300             ( 31.33%) | total_pruned =     206 | shape = torch.Size([300])
classifier.2.weight  | nonzeros =    3246 /   30000             ( 10.82%) | total_pruned =   26754 | shape = torch.Size([100, 300])
classifier.2.bias    | nonzeros =      14 /     100             ( 14.00%) | total_pruned =      86 | shape = torch.Size([100])
classifier.4.weight  | nonzeros =     777 /    1000             ( 77.70%) | total_pruned =     223 | shape = torch.Size([10, 100])
classifier.4.bias    | nonzeros =      10 /      10             (100.00%) | total_pruned =       0 | shape = torch.Size([10])
alive: 53322, pruned : 213288, total: 266610, Compression rate :       5.00x  ( 80.00% pruned)
Train Epoch: 27/100 Loss: 1.865857 Accuracy: 27.91 28.17 % Best test Accuracy: 71.87%
Pruning with threshold : 0.5611210942268372
Non-zero model percentage: 4.000225067138672%, Non-zero mask percentage: 4.000225067138672%

--- Pruning Level [2/7]: ---
classifier.0.weight  | nonzeros =    9723 /  235200             (  4.13%) | total_pruned =  225477 | shape = torch.Size([300, 784])
classifier.0.bias    | nonzeros =      30 /     300             ( 10.00%) | total_pruned =     270 | shape = torch.Size([300])
classifier.2.weight  | nonzeros =     535 /   30000             (  1.78%) | total_pruned =   29465 | shape = torch.Size([100, 300])
classifier.2.bias    | nonzeros =       2 /     100             (  2.00%) | total_pruned =      98 | shape = torch.Size([100])
classifier.4.weight  | nonzeros =     367 /    1000             ( 36.70%) | total_pruned =     633 | shape = torch.Size([10, 100])
classifier.4.bias    | nonzeros =       8 /      10             ( 80.00%) | total_pruned =       2 | shape = torch.Size([10])
alive: 10665, pruned : 255945, total: 266610, Compression rate :      25.00x  ( 96.00% pruned)
Train Epoch: 27/100 Loss: 0.801906 Accuracy: 68.39 68.77 % Best test Accuracy: 74.65%
Pruning with threshold : 0.45927470326423653
Non-zero model percentage: 0.8000450134277344%, Non-zero mask percentage: 0.8000450134277344%

--- Pruning Level [3/7]: ---
classifier.0.weight  | nonzeros =    1903 /  235200             (  0.81%) | total_pruned =  233297 | shape = torch.Size([300, 784])
classifier.0.bias    | nonzeros =      12 /     300             (  4.00%) | total_pruned =     288 | shape = torch.Size([300])
classifier.2.weight  | nonzeros =     118 /   30000             (  0.39%) | total_pruned =   29882 | shape = torch.Size([100, 300])
classifier.2.bias    | nonzeros =       1 /     100             (  1.00%) | total_pruned =      99 | shape = torch.Size([100])
classifier.4.weight  | nonzeros =      91 /    1000             (  9.10%) | total_pruned =     909 | shape = torch.Size([10, 100])
classifier.4.bias    | nonzeros =       8 /      10             ( 80.00%) | total_pruned =       2 | shape = torch.Size([10])
alive: 2133, pruned : 264477, total: 266610, Compression rate :     124.99x  ( 99.20% pruned)
Train Epoch: 48/100 Loss: 0.953322 Accuracy: 73.22 73.97 % Best test Accuracy: 76.14%
Pruning with threshold : 1.04431791305542
Non-zero model percentage: 0.16015903651714325%, Non-zero mask percentage: 0.16015903651714325%

--- Pruning Level [4/7]: ---
classifier.0.weight  | nonzeros =     390 /  235200             (  0.17%) | total_pruned =  234810 | shape = torch.Size([300, 784])
classifier.0.bias    | nonzeros =       4 /     300             (  1.33%) | total_pruned =     296 | shape = torch.Size([300])
classifier.2.weight  | nonzeros =      12 /   30000             (  0.04%) | total_pruned =   29988 | shape = torch.Size([100, 300])
classifier.2.bias    | nonzeros =       1 /     100             (  1.00%) | total_pruned =      99 | shape = torch.Size([100])
classifier.4.weight  | nonzeros =      16 /    1000             (  1.60%) | total_pruned =     984 | shape = torch.Size([10, 100])
classifier.4.bias    | nonzeros =       4 /      10             ( 40.00%) | total_pruned =       6 | shape = torch.Size([10])
alive: 427, pruned : 266183, total: 266610, Compression rate :     624.38x  ( 99.84% pruned)
Train Epoch: 58/100 Loss: 1.747376 Accuracy: 30.57 30.75 % Best test Accuracy: 34.18%
Pruning with threshold : 0.12411370724439628
Non-zero model percentage: 0.03225685656070709%, Non-zero mask percentage: 0.03225685656070709%

--- Pruning Level [5/7]: ---
classifier.0.weight  | nonzeros =      70 /  235200             (  0.03%) | total_pruned =  235130 | shape = torch.Size([300, 784])
classifier.0.bias    | nonzeros =       2 /     300             (  0.67%) | total_pruned =     298 | shape = torch.Size([300])
classifier.2.weight  | nonzeros =       2 /   30000             (  0.01%) | total_pruned =   29998 | shape = torch.Size([100, 300])
classifier.2.bias    | nonzeros =       0 /     100             (  0.00%) | total_pruned =     100 | shape = torch.Size([100])
classifier.4.weight  | nonzeros =       8 /    1000             (  0.80%) | total_pruned =     992 | shape = torch.Size([10, 100])
classifier.4.bias    | nonzeros =       4 /      10             ( 40.00%) | total_pruned =       6 | shape = torch.Size([10])
alive: 86, pruned : 266524, total: 266610, Compression rate :    3100.12x  ( 99.97% pruned)
Train Epoch: 52/100 Loss: 1.772151 Accuracy: 33.07 32.45 % Best test Accuracy: 35.50%
Pruning with threshold : 1.3328691720962524
Non-zero model percentage: 0.006751434411853552%, Non-zero mask percentage: 0.006751434411853552%

--- Pruning Level [6/7]: ---
classifier.0.weight  | nonzeros =      10 /  235200             (  0.00%) | total_pruned =  235190 | shape = torch.Size([300, 784])
classifier.0.bias    | nonzeros =       1 /     300             (  0.33%) | total_pruned =     299 | shape = torch.Size([300])
classifier.2.weight  | nonzeros =       1 /   30000             (  0.00%) | total_pruned =   29999 | shape = torch.Size([100, 300])
classifier.2.bias    | nonzeros =       0 /     100             (  0.00%) | total_pruned =     100 | shape = torch.Size([100])
classifier.4.weight  | nonzeros =       3 /    1000             (  0.30%) | total_pruned =     997 | shape = torch.Size([10, 100])
classifier.4.bias    | nonzeros =       3 /      10             ( 30.00%) | total_pruned =       7 | shape = torch.Size([10])
alive: 18, pruned : 266592, total: 266610, Compression rate :   14811.67x  ( 99.99% pruned)
Train Epoch: 43/100 Loss: 2.283584 Accuracy: 11.49 11.53 % Best test Accuracy: 12.79%
