Non-zero model percentage: 100.0%, Non-zero mask percentage: 100.0%

--- Pruning Level [0/7]: ---
classifier.0.weight  | nonzeros =  235200 /  235200             (100.00%) | total_pruned =       0 | shape = torch.Size([300, 784])
classifier.0.bias    | nonzeros =     300 /     300             (100.00%) | total_pruned =       0 | shape = torch.Size([300])
classifier.2.weight  | nonzeros =   30000 /   30000             (100.00%) | total_pruned =       0 | shape = torch.Size([100, 300])
classifier.2.bias    | nonzeros =     100 /     100             (100.00%) | total_pruned =       0 | shape = torch.Size([100])
classifier.4.weight  | nonzeros =    1000 /    1000             (100.00%) | total_pruned =       0 | shape = torch.Size([10, 100])
classifier.4.bias    | nonzeros =      10 /      10             (100.00%) | total_pruned =       0 | shape = torch.Size([10])
alive: 266610, pruned : 0, total: 266610, Compression rate :       1.00x  (  0.00% pruned)
Train Epoch: 33/100 Loss: 0.000908 Accuracy: 98.15 100.00 % Best test Accuracy: 98.25%
Pruning with threshold : 0.030912091955542575
Non-zero model percentage: 20.0%, Non-zero mask percentage: 20.0%

--- Pruning Level [1/7]: ---
classifier.0.weight  | nonzeros =   36446 /  235200             ( 15.50%) | total_pruned =  198754 | shape = torch.Size([300, 784])
classifier.0.bias    | nonzeros =      22 /     300             (  7.33%) | total_pruned =     278 | shape = torch.Size([300])
classifier.2.weight  | nonzeros =   15948 /   30000             ( 53.16%) | total_pruned =   14052 | shape = torch.Size([100, 300])
classifier.2.bias    | nonzeros =      37 /     100             ( 37.00%) | total_pruned =      63 | shape = torch.Size([100])
classifier.4.weight  | nonzeros =     861 /    1000             ( 86.10%) | total_pruned =     139 | shape = torch.Size([10, 100])
classifier.4.bias    | nonzeros =       8 /      10             ( 80.00%) | total_pruned =       2 | shape = torch.Size([10])
alive: 53322, pruned : 213288, total: 266610, Compression rate :       5.00x  ( 80.00% pruned)
Train Epoch: 21/100 Loss: 0.002915 Accuracy: 98.19 100.00 % Best test Accuracy: 98.25%
Pruning with threshold : 0.06380213499069215
Non-zero model percentage: 4.000225067138672%, Non-zero mask percentage: 4.000225067138672%

--- Pruning Level [2/7]: ---
classifier.0.weight  | nonzeros =    4014 /  235200             (  1.71%) | total_pruned =  231186 | shape = torch.Size([300, 784])
classifier.0.bias    | nonzeros =       0 /     300             (  0.00%) | total_pruned =     300 | shape = torch.Size([300])
classifier.2.weight  | nonzeros =    5899 /   30000             ( 19.66%) | total_pruned =   24101 | shape = torch.Size([100, 300])
classifier.2.bias    | nonzeros =       8 /     100             (  8.00%) | total_pruned =      92 | shape = torch.Size([100])
classifier.4.weight  | nonzeros =     740 /    1000             ( 74.00%) | total_pruned =     260 | shape = torch.Size([10, 100])
classifier.4.bias    | nonzeros =       4 /      10             ( 40.00%) | total_pruned =       6 | shape = torch.Size([10])
alive: 10665, pruned : 255945, total: 266610, Compression rate :      25.00x  ( 96.00% pruned)
Train Epoch: 55/100 Loss: 0.002047 Accuracy: 97.85 99.97 % Best test Accuracy: 98.07%
Pruning with threshold : 0.20288487672805786
Non-zero model percentage: 0.8000450134277344%, Non-zero mask percentage: 0.8000450134277344%

--- Pruning Level [3/7]: ---
classifier.0.weight  | nonzeros =     912 /  235200             (  0.39%) | total_pruned =  234288 | shape = torch.Size([300, 784])
classifier.0.bias    | nonzeros =       0 /     300             (  0.00%) | total_pruned =     300 | shape = torch.Size([300])
classifier.2.weight  | nonzeros =     733 /   30000             (  2.44%) | total_pruned =   29267 | shape = torch.Size([100, 300])
classifier.2.bias    | nonzeros =       2 /     100             (  2.00%) | total_pruned =      98 | shape = torch.Size([100])
classifier.4.weight  | nonzeros =     485 /    1000             ( 48.50%) | total_pruned =     515 | shape = torch.Size([10, 100])
classifier.4.bias    | nonzeros =       1 /      10             ( 10.00%) | total_pruned =       9 | shape = torch.Size([10])
alive: 2133, pruned : 264477, total: 266610, Compression rate :     124.99x  ( 99.20% pruned)
Train Epoch: 99/100 Loss: 0.040326 Accuracy: 96.17 97.64 % Best test Accuracy: 96.22%
Pruning with threshold : 0.5856639981269837
Non-zero model percentage: 0.16015903651714325%, Non-zero mask percentage: 0.16015903651714325%

--- Pruning Level [4/7]: ---
classifier.0.weight  | nonzeros =     129 /  235200             (  0.05%) | total_pruned =  235071 | shape = torch.Size([300, 784])
classifier.0.bias    | nonzeros =       0 /     300             (  0.00%) | total_pruned =     300 | shape = torch.Size([300])
classifier.2.weight  | nonzeros =     140 /   30000             (  0.47%) | total_pruned =   29860 | shape = torch.Size([100, 300])
classifier.2.bias    | nonzeros =       1 /     100             (  1.00%) | total_pruned =      99 | shape = torch.Size([100])
classifier.4.weight  | nonzeros =     156 /    1000             ( 15.60%) | total_pruned =     844 | shape = torch.Size([10, 100])
classifier.4.bias    | nonzeros =       1 /      10             ( 10.00%) | total_pruned =       9 | shape = torch.Size([10])
alive: 427, pruned : 266183, total: 266610, Compression rate :     624.38x  ( 99.84% pruned)
Train Epoch: 99/100 Loss: 0.660750 Accuracy: 84.25 83.65 % Best test Accuracy: 84.31%
Pruning with threshold : 1.3976933240890503
Non-zero model percentage: 0.03225685656070709%, Non-zero mask percentage: 0.03225685656070709%

--- Pruning Level [5/7]: ---
classifier.0.weight  | nonzeros =      26 /  235200             (  0.01%) | total_pruned =  235174 | shape = torch.Size([300, 784])
classifier.0.bias    | nonzeros =       0 /     300             (  0.00%) | total_pruned =     300 | shape = torch.Size([300])
classifier.2.weight  | nonzeros =      27 /   30000             (  0.09%) | total_pruned =   29973 | shape = torch.Size([100, 300])
classifier.2.bias    | nonzeros =       0 /     100             (  0.00%) | total_pruned =     100 | shape = torch.Size([100])
classifier.4.weight  | nonzeros =      32 /    1000             (  3.20%) | total_pruned =     968 | shape = torch.Size([10, 100])
classifier.4.bias    | nonzeros =       1 /      10             ( 10.00%) | total_pruned =       9 | shape = torch.Size([10])
alive: 86, pruned : 266524, total: 266610, Compression rate :    3100.12x  ( 99.97% pruned)
Train Epoch: 57/100 Loss: 1.797141 Accuracy: 33.60 33.97 % Best test Accuracy: 34.02%
Pruning with threshold : 1.641172170639038
Non-zero model percentage: 0.006751434411853552%, Non-zero mask percentage: 0.006751434411853552%

--- Pruning Level [6/7]: ---
classifier.0.weight  | nonzeros =       6 /  235200             (  0.00%) | total_pruned =  235194 | shape = torch.Size([300, 784])
classifier.0.bias    | nonzeros =       0 /     300             (  0.00%) | total_pruned =     300 | shape = torch.Size([300])
classifier.2.weight  | nonzeros =       5 /   30000             (  0.02%) | total_pruned =   29995 | shape = torch.Size([100, 300])
classifier.2.bias    | nonzeros =       0 /     100             (  0.00%) | total_pruned =     100 | shape = torch.Size([100])
classifier.4.weight  | nonzeros =       7 /    1000             (  0.70%) | total_pruned =     993 | shape = torch.Size([10, 100])
classifier.4.bias    | nonzeros =       0 /      10             (  0.00%) | total_pruned =      10 | shape = torch.Size([10])
alive: 18, pruned : 266592, total: 266610, Compression rate :   14811.67x  ( 99.99% pruned)
Train Epoch: 56/100 Loss: 2.137931 Accuracy: 15.48 15.83 % Best test Accuracy: 15.50%
