Non-zero model percentage: 100.0%, Non-zero mask percentage: 100.0%

--- Pruning Level [0/7]: ---
classifier.0.weight  | nonzeros =  235200 /  235200             (100.00%) | total_pruned =       0 | shape = torch.Size([300, 784])
classifier.0.bias    | nonzeros =     300 /     300             (100.00%) | total_pruned =       0 | shape = torch.Size([300])
classifier.2.weight  | nonzeros =   30000 /   30000             (100.00%) | total_pruned =       0 | shape = torch.Size([100, 300])
classifier.2.bias    | nonzeros =     100 /     100             (100.00%) | total_pruned =       0 | shape = torch.Size([100])
classifier.4.weight  | nonzeros =    1000 /    1000             (100.00%) | total_pruned =       0 | shape = torch.Size([10, 100])
classifier.4.bias    | nonzeros =      10 /      10             (100.00%) | total_pruned =       0 | shape = torch.Size([10])
alive: 266610, pruned : 0, total: 266610, Compression rate :       1.00x  (  0.00% pruned)
Train Epoch: 95/100 Loss: 0.004914 Accuracy: 98.05 100.00 % Best test Accuracy: 98.10%
Pruning with threshold : 0.003946174029260879
Non-zero model percentage: 20.0%, Non-zero mask percentage: 20.0%

--- Pruning Level [1/7]: ---
classifier.0.weight  | nonzeros =   48434 /  235200             ( 20.59%) | total_pruned =  186766 | shape = torch.Size([300, 784])
classifier.0.bias    | nonzeros =      61 /     300             ( 20.33%) | total_pruned =     239 | shape = torch.Size([300])
classifier.2.weight  | nonzeros =    4349 /   30000             ( 14.50%) | total_pruned =   25651 | shape = torch.Size([100, 300])
classifier.2.bias    | nonzeros =      34 /     100             ( 34.00%) | total_pruned =      66 | shape = torch.Size([100])
classifier.4.weight  | nonzeros =     434 /    1000             ( 43.40%) | total_pruned =     566 | shape = torch.Size([10, 100])
classifier.4.bias    | nonzeros =      10 /      10             (100.00%) | total_pruned =       0 | shape = torch.Size([10])
alive: 53322, pruned : 213288, total: 266610, Compression rate :       5.00x  ( 80.00% pruned)
Train Epoch: 44/100 Loss: 0.017429 Accuracy: 98.13 99.92 % Best test Accuracy: 98.18%
Pruning with threshold : 0.08705233186483384
Non-zero model percentage: 4.000225067138672%, Non-zero mask percentage: 4.000225067138672%

--- Pruning Level [2/7]: ---
classifier.0.weight  | nonzeros =    9614 /  235200             (  4.09%) | total_pruned =  225586 | shape = torch.Size([300, 784])
classifier.0.bias    | nonzeros =       7 /     300             (  2.33%) | total_pruned =     293 | shape = torch.Size([300])
classifier.2.weight  | nonzeros =     884 /   30000             (  2.95%) | total_pruned =   29116 | shape = torch.Size([100, 300])
classifier.2.bias    | nonzeros =       6 /     100             (  6.00%) | total_pruned =      94 | shape = torch.Size([100])
classifier.4.weight  | nonzeros =     146 /    1000             ( 14.60%) | total_pruned =     854 | shape = torch.Size([10, 100])
classifier.4.bias    | nonzeros =       8 /      10             ( 80.00%) | total_pruned =       2 | shape = torch.Size([10])
alive: 10665, pruned : 255945, total: 266610, Compression rate :      25.00x  ( 96.00% pruned)
Train Epoch: 45/100 Loss: 0.005782 Accuracy: 97.87 99.97 % Best test Accuracy: 98.17%
Pruning with threshold : 0.18389769494533542
Non-zero model percentage: 0.8000450134277344%, Non-zero mask percentage: 0.8000450134277344%

--- Pruning Level [3/7]: ---
classifier.0.weight  | nonzeros =    1573 /  235200             (  0.67%) | total_pruned =  233627 | shape = torch.Size([300, 784])
classifier.0.bias    | nonzeros =       5 /     300             (  1.67%) | total_pruned =     295 | shape = torch.Size([300])
classifier.2.weight  | nonzeros =     452 /   30000             (  1.51%) | total_pruned =   29548 | shape = torch.Size([100, 300])
classifier.2.bias    | nonzeros =       2 /     100             (  2.00%) | total_pruned =      98 | shape = torch.Size([100])
classifier.4.weight  | nonzeros =      94 /    1000             (  9.40%) | total_pruned =     906 | shape = torch.Size([10, 100])
classifier.4.bias    | nonzeros =       7 /      10             ( 70.00%) | total_pruned =       3 | shape = torch.Size([10])
alive: 2133, pruned : 264477, total: 266610, Compression rate :     124.99x  ( 99.20% pruned)
Train Epoch: 99/100 Loss: 0.042643 Accuracy: 97.13 99.10 % Best test Accuracy: 97.33%
Pruning with threshold : 0.5300527572631837
Non-zero model percentage: 0.16015903651714325%, Non-zero mask percentage: 0.16015903651714325%

--- Pruning Level [4/7]: ---
classifier.0.weight  | nonzeros =     208 /  235200             (  0.09%) | total_pruned =  234992 | shape = torch.Size([300, 784])
classifier.0.bias    | nonzeros =       3 /     300             (  1.00%) | total_pruned =     297 | shape = torch.Size([300])
classifier.2.weight  | nonzeros =     169 /   30000             (  0.56%) | total_pruned =   29831 | shape = torch.Size([100, 300])
classifier.2.bias    | nonzeros =       1 /     100             (  1.00%) | total_pruned =      99 | shape = torch.Size([100])
classifier.4.weight  | nonzeros =      43 /    1000             (  4.30%) | total_pruned =     957 | shape = torch.Size([10, 100])
classifier.4.bias    | nonzeros =       3 /      10             ( 30.00%) | total_pruned =       7 | shape = torch.Size([10])
alive: 427, pruned : 266183, total: 266610, Compression rate :     624.38x  ( 99.84% pruned)
Train Epoch: 99/100 Loss: 0.285285 Accuracy: 89.19 88.82 % Best test Accuracy: 89.37%
Pruning with threshold : 1.1996380329132081
Non-zero model percentage: 0.03225685656070709%, Non-zero mask percentage: 0.03225685656070709%

--- Pruning Level [5/7]: ---
classifier.0.weight  | nonzeros =      33 /  235200             (  0.01%) | total_pruned =  235167 | shape = torch.Size([300, 784])
classifier.0.bias    | nonzeros =       0 /     300             (  0.00%) | total_pruned =     300 | shape = torch.Size([300])
classifier.2.weight  | nonzeros =      32 /   30000             (  0.11%) | total_pruned =   29968 | shape = torch.Size([100, 300])
classifier.2.bias    | nonzeros =       1 /     100             (  1.00%) | total_pruned =      99 | shape = torch.Size([100])
classifier.4.weight  | nonzeros =      18 /    1000             (  1.80%) | total_pruned =     982 | shape = torch.Size([10, 100])
classifier.4.bias    | nonzeros =       2 /      10             ( 20.00%) | total_pruned =       8 | shape = torch.Size([10])
alive: 86, pruned : 266524, total: 266610, Compression rate :    3100.12x  ( 99.97% pruned)
Train Epoch: 47/100 Loss: 1.732547 Accuracy: 42.15 41.89 % Best test Accuracy: 42.74%
Pruning with threshold : 1.8023951053619385
Non-zero model percentage: 0.006751434411853552%, Non-zero mask percentage: 0.006751434411853552%

--- Pruning Level [6/7]: ---
classifier.0.weight  | nonzeros =       8 /  235200             (  0.00%) | total_pruned =  235192 | shape = torch.Size([300, 784])
classifier.0.bias    | nonzeros =       0 /     300             (  0.00%) | total_pruned =     300 | shape = torch.Size([300])
classifier.2.weight  | nonzeros =       3 /   30000             (  0.01%) | total_pruned =   29997 | shape = torch.Size([100, 300])
classifier.2.bias    | nonzeros =       0 /     100             (  0.00%) | total_pruned =     100 | shape = torch.Size([100])
classifier.4.weight  | nonzeros =       6 /    1000             (  0.60%) | total_pruned =     994 | shape = torch.Size([10, 100])
classifier.4.bias    | nonzeros =       1 /      10             ( 10.00%) | total_pruned =       9 | shape = torch.Size([10])
alive: 18, pruned : 266592, total: 266610, Compression rate :   14811.67x  ( 99.99% pruned)
Train Epoch: 47/100 Loss: 2.282355 Accuracy: 18.20 18.65 % Best test Accuracy: 18.23%
