Non-zero model percentage: 100.0%, Non-zero mask percentage: 100.0%

--- Pruning Level [0/7]: ---
classifier.0.weight  | nonzeros =  235200 /  235200             (100.00%) | total_pruned =       0 | shape = torch.Size([300, 784])
classifier.0.bias    | nonzeros =     300 /     300             (100.00%) | total_pruned =       0 | shape = torch.Size([300])
classifier.2.weight  | nonzeros =   30000 /   30000             (100.00%) | total_pruned =       0 | shape = torch.Size([100, 300])
classifier.2.bias    | nonzeros =     100 /     100             (100.00%) | total_pruned =       0 | shape = torch.Size([100])
classifier.4.weight  | nonzeros =    1000 /    1000             (100.00%) | total_pruned =       0 | shape = torch.Size([10, 100])
classifier.4.bias    | nonzeros =      10 /      10             (100.00%) | total_pruned =       0 | shape = torch.Size([10])
alive: 266610, pruned : 0, total: 266610, Compression rate :       1.00x  (  0.00% pruned)
Train Epoch: 99/100 Loss: 0.096696 Accuracy: 89.07 95.93 % Best test Accuracy: 89.24%
Pruning with threshold : 0.03259280994534493
Non-zero model percentage: 20.0%, Non-zero mask percentage: 20.0%

--- Pruning Level [1/7]: ---
classifier.0.weight  | nonzeros =   37021 /  235200             ( 15.74%) | total_pruned =  198179 | shape = torch.Size([300, 784])
classifier.0.bias    | nonzeros =      18 /     300             (  6.00%) | total_pruned =     282 | shape = torch.Size([300])
classifier.2.weight  | nonzeros =   15378 /   30000             ( 51.26%) | total_pruned =   14622 | shape = torch.Size([100, 300])
classifier.2.bias    | nonzeros =      35 /     100             ( 35.00%) | total_pruned =      65 | shape = torch.Size([100])
classifier.4.weight  | nonzeros =     863 /    1000             ( 86.30%) | total_pruned =     137 | shape = torch.Size([10, 100])
classifier.4.bias    | nonzeros =       7 /      10             ( 70.00%) | total_pruned =       3 | shape = torch.Size([10])
alive: 53322, pruned : 213288, total: 266610, Compression rate :       5.00x  ( 80.00% pruned)
Train Epoch: 99/100 Loss: 0.056415 Accuracy: 88.63 96.15 % Best test Accuracy: 89.21%
Pruning with threshold : 0.06814866065979004
Non-zero model percentage: 4.000225067138672%, Non-zero mask percentage: 4.000225067138672%

--- Pruning Level [2/7]: ---
classifier.0.weight  | nonzeros =    3971 /  235200             (  1.69%) | total_pruned =  231229 | shape = torch.Size([300, 784])
classifier.0.bias    | nonzeros =       1 /     300             (  0.33%) | total_pruned =     299 | shape = torch.Size([300])
classifier.2.weight  | nonzeros =    5950 /   30000             ( 19.83%) | total_pruned =   24050 | shape = torch.Size([100, 300])
classifier.2.bias    | nonzeros =       8 /     100             (  8.00%) | total_pruned =      92 | shape = torch.Size([100])
classifier.4.weight  | nonzeros =     731 /    1000             ( 73.10%) | total_pruned =     269 | shape = torch.Size([10, 100])
classifier.4.bias    | nonzeros =       4 /      10             ( 40.00%) | total_pruned =       6 | shape = torch.Size([10])
alive: 10665, pruned : 255945, total: 266610, Compression rate :      25.00x  ( 96.00% pruned)
Train Epoch: 99/100 Loss: 0.249244 Accuracy: 87.44 90.55 % Best test Accuracy: 87.44%
Pruning with threshold : 0.14828410148620608
Non-zero model percentage: 0.8000450134277344%, Non-zero mask percentage: 0.8000450134277344%

--- Pruning Level [3/7]: ---
classifier.0.weight  | nonzeros =     873 /  235200             (  0.37%) | total_pruned =  234327 | shape = torch.Size([300, 784])
classifier.0.bias    | nonzeros =       1 /     300             (  0.33%) | total_pruned =     299 | shape = torch.Size([300])
classifier.2.weight  | nonzeros =     772 /   30000             (  2.57%) | total_pruned =   29228 | shape = torch.Size([100, 300])
classifier.2.bias    | nonzeros =       6 /     100             (  6.00%) | total_pruned =      94 | shape = torch.Size([100])
classifier.4.weight  | nonzeros =     478 /    1000             ( 47.80%) | total_pruned =     522 | shape = torch.Size([10, 100])
classifier.4.bias    | nonzeros =       3 /      10             ( 30.00%) | total_pruned =       7 | shape = torch.Size([10])
alive: 2133, pruned : 264477, total: 266610, Compression rate :     124.99x  ( 99.20% pruned)
Train Epoch: 99/100 Loss: 0.437420 Accuracy: 85.52 87.12 % Best test Accuracy: 85.62%
Pruning with threshold : 0.3348499894142151
Non-zero model percentage: 0.16015903651714325%, Non-zero mask percentage: 0.16015903651714325%

--- Pruning Level [4/7]: ---
classifier.0.weight  | nonzeros =     139 /  235200             (  0.06%) | total_pruned =  235061 | shape = torch.Size([300, 784])
classifier.0.bias    | nonzeros =       0 /     300             (  0.00%) | total_pruned =     300 | shape = torch.Size([300])
classifier.2.weight  | nonzeros =     139 /   30000             (  0.46%) | total_pruned =   29861 | shape = torch.Size([100, 300])
classifier.2.bias    | nonzeros =       3 /     100             (  3.00%) | total_pruned =      97 | shape = torch.Size([100])
classifier.4.weight  | nonzeros =     145 /    1000             ( 14.50%) | total_pruned =     855 | shape = torch.Size([10, 100])
classifier.4.bias    | nonzeros =       1 /      10             ( 10.00%) | total_pruned =       9 | shape = torch.Size([10])
alive: 427, pruned : 266183, total: 266610, Compression rate :     624.38x  ( 99.84% pruned)
Train Epoch: 99/100 Loss: 0.641286 Accuracy: 77.68 78.45 % Best test Accuracy: 77.68%
Pruning with threshold : 0.7677675008773804
Non-zero model percentage: 0.03225685656070709%, Non-zero mask percentage: 0.03225685656070709%

--- Pruning Level [5/7]: ---
classifier.0.weight  | nonzeros =      24 /  235200             (  0.01%) | total_pruned =  235176 | shape = torch.Size([300, 784])
classifier.0.bias    | nonzeros =       0 /     300             (  0.00%) | total_pruned =     300 | shape = torch.Size([300])
classifier.2.weight  | nonzeros =      28 /   30000             (  0.09%) | total_pruned =   29972 | shape = torch.Size([100, 300])
classifier.2.bias    | nonzeros =       3 /     100             (  3.00%) | total_pruned =      97 | shape = torch.Size([100])
classifier.4.weight  | nonzeros =      30 /    1000             (  3.00%) | total_pruned =     970 | shape = torch.Size([10, 100])
classifier.4.bias    | nonzeros =       1 /      10             ( 10.00%) | total_pruned =       9 | shape = torch.Size([10])
alive: 86, pruned : 266524, total: 266610, Compression rate :    3100.12x  ( 99.97% pruned)
Train Epoch: 99/100 Loss: 1.441988 Accuracy: 52.01 52.29 % Best test Accuracy: 52.01%
Pruning with threshold : 1.345696210861206
Non-zero model percentage: 0.006751434411853552%, Non-zero mask percentage: 0.006751434411853552%

--- Pruning Level [6/7]: ---
classifier.0.weight  | nonzeros =       5 /  235200             (  0.00%) | total_pruned =  235195 | shape = torch.Size([300, 784])
classifier.0.bias    | nonzeros =       0 /     300             (  0.00%) | total_pruned =     300 | shape = torch.Size([300])
classifier.2.weight  | nonzeros =       4 /   30000             (  0.01%) | total_pruned =   29996 | shape = torch.Size([100, 300])
classifier.2.bias    | nonzeros =       1 /     100             (  1.00%) | total_pruned =      99 | shape = torch.Size([100])
classifier.4.weight  | nonzeros =       7 /    1000             (  0.70%) | total_pruned =     993 | shape = torch.Size([10, 100])
classifier.4.bias    | nonzeros =       1 /      10             ( 10.00%) | total_pruned =       9 | shape = torch.Size([10])
alive: 18, pruned : 266592, total: 266610, Compression rate :   14811.67x  ( 99.99% pruned)
Train Epoch: 62/100 Loss: 2.299135 Accuracy: 13.69 13.71 % Best test Accuracy: 19.43%
