Non-zero model percentage: 100.0%, Non-zero mask percentage: 100.0%

--- Pruning Level [0/7]: ---
classifier.0.weight  | nonzeros =  235200 /  235200             (100.00%) | total_pruned =       0 | shape = torch.Size([300, 784])
classifier.0.bias    | nonzeros =     300 /     300             (100.00%) | total_pruned =       0 | shape = torch.Size([300])
classifier.2.weight  | nonzeros =   30000 /   30000             (100.00%) | total_pruned =       0 | shape = torch.Size([100, 300])
classifier.2.bias    | nonzeros =     100 /     100             (100.00%) | total_pruned =       0 | shape = torch.Size([100])
classifier.4.weight  | nonzeros =    1000 /    1000             (100.00%) | total_pruned =       0 | shape = torch.Size([10, 100])
classifier.4.bias    | nonzeros =      10 /      10             (100.00%) | total_pruned =       0 | shape = torch.Size([10])
alive: 266610, pruned : 0, total: 266610, Compression rate :       1.00x  (  0.00% pruned)
Train Epoch: 69/100 Loss: 0.029795 Accuracy: 89.63 98.75 % Best test Accuracy: 89.73%
Pruning with threshold : 0.0455894559621811
Non-zero model percentage: 20.0%, Non-zero mask percentage: 20.0%

--- Pruning Level [1/7]: ---
classifier.0.weight  | nonzeros =   41078 /  235200             ( 17.47%) | total_pruned =  194122 | shape = torch.Size([300, 784])
classifier.0.bias    | nonzeros =       0 /     300             (  0.00%) | total_pruned =     300 | shape = torch.Size([300])
classifier.2.weight  | nonzeros =   11405 /   30000             ( 38.02%) | total_pruned =   18595 | shape = torch.Size([100, 300])
classifier.2.bias    | nonzeros =      25 /     100             ( 25.00%) | total_pruned =      75 | shape = torch.Size([100])
classifier.4.weight  | nonzeros =     810 /    1000             ( 81.00%) | total_pruned =     190 | shape = torch.Size([10, 100])
classifier.4.bias    | nonzeros =       4 /      10             ( 40.00%) | total_pruned =       6 | shape = torch.Size([10])
alive: 53322, pruned : 213288, total: 266610, Compression rate :       5.00x  ( 80.00% pruned)
Train Epoch: 46/100 Loss: 0.024505 Accuracy: 89.20 99.12 % Best test Accuracy: 89.56%
Pruning with threshold : 0.09888623207807541
Non-zero model percentage: 4.000225067138672%, Non-zero mask percentage: 4.000225067138672%

--- Pruning Level [2/7]: ---
classifier.0.weight  | nonzeros =    6301 /  235200             (  2.68%) | total_pruned =  228899 | shape = torch.Size([300, 784])
classifier.0.bias    | nonzeros =       0 /     300             (  0.00%) | total_pruned =     300 | shape = torch.Size([300])
classifier.2.weight  | nonzeros =    3732 /   30000             ( 12.44%) | total_pruned =   26268 | shape = torch.Size([100, 300])
classifier.2.bias    | nonzeros =      15 /     100             ( 15.00%) | total_pruned =      85 | shape = torch.Size([100])
classifier.4.weight  | nonzeros =     615 /    1000             ( 61.50%) | total_pruned =     385 | shape = torch.Size([10, 100])
classifier.4.bias    | nonzeros =       2 /      10             ( 20.00%) | total_pruned =       8 | shape = torch.Size([10])
alive: 10665, pruned : 255945, total: 266610, Compression rate :      25.00x  ( 96.00% pruned)
Train Epoch: 58/100 Loss: 0.191357 Accuracy: 88.55 95.15 % Best test Accuracy: 88.76%
Pruning with threshold : 0.2231994479894638
Non-zero model percentage: 0.8000450134277344%, Non-zero mask percentage: 0.8000450134277344%

--- Pruning Level [3/7]: ---
classifier.0.weight  | nonzeros =    1050 /  235200             (  0.45%) | total_pruned =  234150 | shape = torch.Size([300, 784])
classifier.0.bias    | nonzeros =       0 /     300             (  0.00%) | total_pruned =     300 | shape = torch.Size([300])
classifier.2.weight  | nonzeros =     749 /   30000             (  2.50%) | total_pruned =   29251 | shape = torch.Size([100, 300])
classifier.2.bias    | nonzeros =       5 /     100             (  5.00%) | total_pruned =      95 | shape = torch.Size([100])
classifier.4.weight  | nonzeros =     328 /    1000             ( 32.80%) | total_pruned =     672 | shape = torch.Size([10, 100])
classifier.4.bias    | nonzeros =       1 /      10             ( 10.00%) | total_pruned =       9 | shape = torch.Size([10])
alive: 2133, pruned : 264477, total: 266610, Compression rate :     124.99x  ( 99.20% pruned)
Train Epoch: 99/100 Loss: 0.208742 Accuracy: 86.49 89.23 % Best test Accuracy: 86.90%
Pruning with threshold : 0.4740969181060791
Non-zero model percentage: 0.16015903651714325%, Non-zero mask percentage: 0.16015903651714325%

--- Pruning Level [4/7]: ---
classifier.0.weight  | nonzeros =     144 /  235200             (  0.06%) | total_pruned =  235056 | shape = torch.Size([300, 784])
classifier.0.bias    | nonzeros =       0 /     300             (  0.00%) | total_pruned =     300 | shape = torch.Size([300])
classifier.2.weight  | nonzeros =     160 /   30000             (  0.53%) | total_pruned =   29840 | shape = torch.Size([100, 300])
classifier.2.bias    | nonzeros =       4 /     100             (  4.00%) | total_pruned =      96 | shape = torch.Size([100])
classifier.4.weight  | nonzeros =     118 /    1000             ( 11.80%) | total_pruned =     882 | shape = torch.Size([10, 100])
classifier.4.bias    | nonzeros =       1 /      10             ( 10.00%) | total_pruned =       9 | shape = torch.Size([10])
alive: 427, pruned : 266183, total: 266610, Compression rate :     624.38x  ( 99.84% pruned)
Train Epoch: 99/100 Loss: 0.602539 Accuracy: 80.45 81.50 % Best test Accuracy: 80.55%
Pruning with threshold : 1.0586375474929812
Non-zero model percentage: 0.03225685656070709%, Non-zero mask percentage: 0.03225685656070709%

--- Pruning Level [5/7]: ---
classifier.0.weight  | nonzeros =      24 /  235200             (  0.01%) | total_pruned =  235176 | shape = torch.Size([300, 784])
classifier.0.bias    | nonzeros =       0 /     300             (  0.00%) | total_pruned =     300 | shape = torch.Size([300])
classifier.2.weight  | nonzeros =      29 /   30000             (  0.10%) | total_pruned =   29971 | shape = torch.Size([100, 300])
classifier.2.bias    | nonzeros =       1 /     100             (  1.00%) | total_pruned =      99 | shape = torch.Size([100])
classifier.4.weight  | nonzeros =      31 /    1000             (  3.10%) | total_pruned =     969 | shape = torch.Size([10, 100])
classifier.4.bias    | nonzeros =       1 /      10             ( 10.00%) | total_pruned =       9 | shape = torch.Size([10])
alive: 86, pruned : 266524, total: 266610, Compression rate :    3100.12x  ( 99.97% pruned)
Train Epoch: 74/100 Loss: 1.936978 Accuracy: 26.62 26.50 % Best test Accuracy: 26.91%
Pruning with threshold : 1.375440239906311
Non-zero model percentage: 0.006751434411853552%, Non-zero mask percentage: 0.006751434411853552%

--- Pruning Level [6/7]: ---
classifier.0.weight  | nonzeros =       6 /  235200             (  0.00%) | total_pruned =  235194 | shape = torch.Size([300, 784])
classifier.0.bias    | nonzeros =       0 /     300             (  0.00%) | total_pruned =     300 | shape = torch.Size([300])
classifier.2.weight  | nonzeros =       6 /   30000             (  0.02%) | total_pruned =   29994 | shape = torch.Size([100, 300])
classifier.2.bias    | nonzeros =       0 /     100             (  0.00%) | total_pruned =     100 | shape = torch.Size([100])
classifier.4.weight  | nonzeros =       6 /    1000             (  0.60%) | total_pruned =     994 | shape = torch.Size([10, 100])
classifier.4.bias    | nonzeros =       0 /      10             (  0.00%) | total_pruned =      10 | shape = torch.Size([10])
alive: 18, pruned : 266592, total: 266610, Compression rate :   14811.67x  ( 99.99% pruned)
Train Epoch: 69/100 Loss: 2.057435 Accuracy: 27.76 27.72 % Best test Accuracy: 27.83%
