Non-zero model percentage: 100.0%, Non-zero mask percentage: 100.0%

--- Pruning Level [0/7]: ---
classifier.0.weight  | nonzeros =  235200 /  235200             (100.00%) | total_pruned =       0 | shape = torch.Size([300, 784])
classifier.0.bias    | nonzeros =     300 /     300             (100.00%) | total_pruned =       0 | shape = torch.Size([300])
classifier.2.weight  | nonzeros =   30000 /   30000             (100.00%) | total_pruned =       0 | shape = torch.Size([100, 300])
classifier.2.bias    | nonzeros =     100 /     100             (100.00%) | total_pruned =       0 | shape = torch.Size([100])
classifier.4.weight  | nonzeros =    1000 /    1000             (100.00%) | total_pruned =       0 | shape = torch.Size([10, 100])
classifier.4.bias    | nonzeros =      10 /      10             (100.00%) | total_pruned =       0 | shape = torch.Size([10])
alive: 266610, pruned : 0, total: 266610, Compression rate :       1.00x  (  0.00% pruned)
Train Epoch: 66/100 Loss: 0.112248 Accuracy: 95.77 96.48 % Best test Accuracy: 96.97%
Pruning with threshold : 0.013822887558490038
Non-zero model percentage: 50.0%, Non-zero mask percentage: 50.0%

--- Pruning Level [1/7]: ---
classifier.0.weight  | nonzeros =  127695 /  235200             ( 54.29%) | total_pruned =  107505 | shape = torch.Size([300, 784])
classifier.0.bias    | nonzeros =     228 /     300             ( 76.00%) | total_pruned =      72 | shape = torch.Size([300])
classifier.2.weight  | nonzeros =    4827 /   30000             ( 16.09%) | total_pruned =   25173 | shape = torch.Size([100, 300])
classifier.2.bias    | nonzeros =      21 /     100             ( 21.00%) | total_pruned =      79 | shape = torch.Size([100])
classifier.4.weight  | nonzeros =     524 /    1000             ( 52.40%) | total_pruned =     476 | shape = torch.Size([10, 100])
classifier.4.bias    | nonzeros =      10 /      10             (100.00%) | total_pruned =       0 | shape = torch.Size([10])
alive: 133305, pruned : 133305, total: 266610, Compression rate :       2.00x  ( 50.00% pruned)
Train Epoch: 99/100 Loss: 0.080924 Accuracy: 97.17 97.97 % Best test Accuracy: 97.37%
Pruning with threshold : 0.017988799139857292
Non-zero model percentage: 25.000186920166016%, Non-zero mask percentage: 25.000186920166016%

--- Pruning Level [2/7]: ---
classifier.0.weight  | nonzeros =   62964 /  235200             ( 26.77%) | total_pruned =  172236 | shape = torch.Size([300, 784])
classifier.0.bias    | nonzeros =     180 /     300             ( 60.00%) | total_pruned =     120 | shape = torch.Size([300])
classifier.2.weight  | nonzeros =    3149 /   30000             ( 10.50%) | total_pruned =   26851 | shape = torch.Size([100, 300])
classifier.2.bias    | nonzeros =      16 /     100             ( 16.00%) | total_pruned =      84 | shape = torch.Size([100])
classifier.4.weight  | nonzeros =     334 /    1000             ( 33.40%) | total_pruned =     666 | shape = torch.Size([10, 100])
classifier.4.bias    | nonzeros =      10 /      10             (100.00%) | total_pruned =       0 | shape = torch.Size([10])
alive: 66653, pruned : 199957, total: 266610, Compression rate :       4.00x  ( 75.00% pruned)
Train Epoch: 42/100 Loss: 0.105194 Accuracy: 97.24 98.09 % Best test Accuracy: 97.31%
Pruning with threshold : 0.028109606355428696
Non-zero model percentage: 12.50028133392334%, Non-zero mask percentage: 12.50028133392334%

--- Pruning Level [3/7]: ---
classifier.0.weight  | nonzeros =   30921 /  235200             ( 13.15%) | total_pruned =  204279 | shape = torch.Size([300, 784])
classifier.0.bias    | nonzeros =     136 /     300             ( 45.33%) | total_pruned =     164 | shape = torch.Size([300])
classifier.2.weight  | nonzeros =    2011 /   30000             (  6.70%) | total_pruned =   27989 | shape = torch.Size([100, 300])
classifier.2.bias    | nonzeros =      14 /     100             ( 14.00%) | total_pruned =      86 | shape = torch.Size([100])
classifier.4.weight  | nonzeros =     236 /    1000             ( 23.60%) | total_pruned =     764 | shape = torch.Size([10, 100])
classifier.4.bias    | nonzeros =       9 /      10             ( 90.00%) | total_pruned =       1 | shape = torch.Size([10])
alive: 33327, pruned : 233283, total: 266610, Compression rate :       8.00x  ( 87.50% pruned)
Train Epoch: 44/100 Loss: 0.093818 Accuracy: 96.54 97.61 % Best test Accuracy: 97.29%
Pruning with threshold : 0.058739274740219116
Non-zero model percentage: 6.250328540802002%, Non-zero mask percentage: 6.250328540802002%

--- Pruning Level [4/7]: ---
classifier.0.weight  | nonzeros =   15328 /  235200             (  6.52%) | total_pruned =  219872 | shape = torch.Size([300, 784])
classifier.0.bias    | nonzeros =      86 /     300             ( 28.67%) | total_pruned =     214 | shape = torch.Size([300])
classifier.2.weight  | nonzeros =    1055 /   30000             (  3.52%) | total_pruned =   28945 | shape = torch.Size([100, 300])
classifier.2.bias    | nonzeros =      10 /     100             ( 10.00%) | total_pruned =      90 | shape = torch.Size([100])
classifier.4.weight  | nonzeros =     176 /    1000             ( 17.60%) | total_pruned =     824 | shape = torch.Size([10, 100])
classifier.4.bias    | nonzeros =       9 /      10             ( 90.00%) | total_pruned =       1 | shape = torch.Size([10])
alive: 16664, pruned : 249946, total: 266610, Compression rate :      16.00x  ( 93.75% pruned)
Train Epoch: 51/100 Loss: 0.110347 Accuracy: 96.98 98.05 % Best test Accuracy: 97.37%
Pruning with threshold : 0.11256258189678192
Non-zero model percentage: 3.125164270401001%, Non-zero mask percentage: 3.125164270401001%

--- Pruning Level [5/7]: ---
classifier.0.weight  | nonzeros =    7526 /  235200             (  3.20%) | total_pruned =  227674 | shape = torch.Size([300, 784])
classifier.0.bias    | nonzeros =      38 /     300             ( 12.67%) | total_pruned =     262 | shape = torch.Size([300])
classifier.2.weight  | nonzeros =     631 /   30000             (  2.10%) | total_pruned =   29369 | shape = torch.Size([100, 300])
classifier.2.bias    | nonzeros =       8 /     100             (  8.00%) | total_pruned =      92 | shape = torch.Size([100])
classifier.4.weight  | nonzeros =     120 /    1000             ( 12.00%) | total_pruned =     880 | shape = torch.Size([10, 100])
classifier.4.bias    | nonzeros =       9 /      10             ( 90.00%) | total_pruned =       1 | shape = torch.Size([10])
alive: 8332, pruned : 258278, total: 266610, Compression rate :      32.00x  ( 96.87% pruned)
Train Epoch: 51/100 Loss: 0.049980 Accuracy: 96.92 98.20 % Best test Accuracy: 97.36%
Pruning with threshold : 0.20262465626001358
Non-zero model percentage: 1.5625821352005005%, Non-zero mask percentage: 1.5625821352005005%

--- Pruning Level [6/7]: ---
classifier.0.weight  | nonzeros =    3651 /  235200             (  1.55%) | total_pruned =  231549 | shape = torch.Size([300, 784])
classifier.0.bias    | nonzeros =      20 /     300             (  6.67%) | total_pruned =     280 | shape = torch.Size([300])
classifier.2.weight  | nonzeros =     389 /   30000             (  1.30%) | total_pruned =   29611 | shape = torch.Size([100, 300])
classifier.2.bias    | nonzeros =       6 /     100             (  6.00%) | total_pruned =      94 | shape = torch.Size([100])
classifier.4.weight  | nonzeros =      91 /    1000             (  9.10%) | total_pruned =     909 | shape = torch.Size([10, 100])
classifier.4.bias    | nonzeros =       9 /      10             ( 90.00%) | total_pruned =       1 | shape = torch.Size([10])
alive: 4166, pruned : 262444, total: 266610, Compression rate :      64.00x  ( 98.44% pruned)
Train Epoch: 96/100 Loss: 0.092798 Accuracy: 96.69 98.35 % Best test Accuracy: 97.15%
