Non-zero model percentage: 100.0%, Non-zero mask percentage: 100.0%

--- Pruning Level [0/7]: ---
classifier.0.weight  | nonzeros =  235200 /  235200             (100.00%) | total_pruned =       0 | shape = torch.Size([300, 784])
classifier.0.bias    | nonzeros =     300 /     300             (100.00%) | total_pruned =       0 | shape = torch.Size([300])
classifier.2.weight  | nonzeros =   30000 /   30000             (100.00%) | total_pruned =       0 | shape = torch.Size([100, 300])
classifier.2.bias    | nonzeros =     100 /     100             (100.00%) | total_pruned =       0 | shape = torch.Size([100])
classifier.4.weight  | nonzeros =    1000 /    1000             (100.00%) | total_pruned =       0 | shape = torch.Size([10, 100])
classifier.4.bias    | nonzeros =      10 /      10             (100.00%) | total_pruned =       0 | shape = torch.Size([10])
alive: 266610, pruned : 0, total: 266610, Compression rate :       1.00x  (  0.00% pruned)
Train Epoch: 77/100 Loss: 0.087570 Accuracy: 88.25 95.83 % Best test Accuracy: 89.62%
Pruning with threshold : 0.04589781984686852
Non-zero model percentage: 20.0%, Non-zero mask percentage: 20.0%

--- Pruning Level [1/7]: ---
classifier.0.weight  | nonzeros =   40688 /  235200             ( 17.30%) | total_pruned =  194512 | shape = torch.Size([300, 784])
classifier.0.bias    | nonzeros =       1 /     300             (  0.33%) | total_pruned =     299 | shape = torch.Size([300])
classifier.2.weight  | nonzeros =   11778 /   30000             ( 39.26%) | total_pruned =   18222 | shape = torch.Size([100, 300])
classifier.2.bias    | nonzeros =      41 /     100             ( 41.00%) | total_pruned =      59 | shape = torch.Size([100])
classifier.4.weight  | nonzeros =     809 /    1000             ( 80.90%) | total_pruned =     191 | shape = torch.Size([10, 100])
classifier.4.bias    | nonzeros =       5 /      10             ( 50.00%) | total_pruned =       5 | shape = torch.Size([10])
alive: 53322, pruned : 213288, total: 266610, Compression rate :       5.00x  ( 80.00% pruned)
Train Epoch: 44/100 Loss: 0.037144 Accuracy: 89.07 98.94 % Best test Accuracy: 89.54%
Pruning with threshold : 0.09904606640338899
Non-zero model percentage: 4.000225067138672%, Non-zero mask percentage: 4.000225067138672%

--- Pruning Level [2/7]: ---
classifier.0.weight  | nonzeros =    6241 /  235200             (  2.65%) | total_pruned =  228959 | shape = torch.Size([300, 784])
classifier.0.bias    | nonzeros =       0 /     300             (  0.00%) | total_pruned =     300 | shape = torch.Size([300])
classifier.2.weight  | nonzeros =    3779 /   30000             ( 12.60%) | total_pruned =   26221 | shape = torch.Size([100, 300])
classifier.2.bias    | nonzeros =      18 /     100             ( 18.00%) | total_pruned =      82 | shape = torch.Size([100])
classifier.4.weight  | nonzeros =     624 /    1000             ( 62.40%) | total_pruned =     376 | shape = torch.Size([10, 100])
classifier.4.bias    | nonzeros =       3 /      10             ( 30.00%) | total_pruned =       7 | shape = torch.Size([10])
alive: 10665, pruned : 255945, total: 266610, Compression rate :      25.00x  ( 96.00% pruned)
Train Epoch: 64/100 Loss: 0.203922 Accuracy: 88.47 94.94 % Best test Accuracy: 88.96%
Pruning with threshold : 0.2265356242656708
Non-zero model percentage: 0.8000450134277344%, Non-zero mask percentage: 0.8000450134277344%

--- Pruning Level [3/7]: ---
classifier.0.weight  | nonzeros =    1079 /  235200             (  0.46%) | total_pruned =  234121 | shape = torch.Size([300, 784])
classifier.0.bias    | nonzeros =       0 /     300             (  0.00%) | total_pruned =     300 | shape = torch.Size([300])
classifier.2.weight  | nonzeros =     710 /   30000             (  2.37%) | total_pruned =   29290 | shape = torch.Size([100, 300])
classifier.2.bias    | nonzeros =       9 /     100             (  9.00%) | total_pruned =      91 | shape = torch.Size([100])
classifier.4.weight  | nonzeros =     334 /    1000             ( 33.40%) | total_pruned =     666 | shape = torch.Size([10, 100])
classifier.4.bias    | nonzeros =       1 /      10             ( 10.00%) | total_pruned =       9 | shape = torch.Size([10])
alive: 2133, pruned : 264477, total: 266610, Compression rate :     124.99x  ( 99.20% pruned)
Train Epoch: 99/100 Loss: 0.323712 Accuracy: 86.77 89.09 % Best test Accuracy: 87.13%
Pruning with threshold : 0.47519822716712956
Non-zero model percentage: 0.16015903651714325%, Non-zero mask percentage: 0.16015903651714325%

--- Pruning Level [4/7]: ---
classifier.0.weight  | nonzeros =     144 /  235200             (  0.06%) | total_pruned =  235056 | shape = torch.Size([300, 784])
classifier.0.bias    | nonzeros =       0 /     300             (  0.00%) | total_pruned =     300 | shape = torch.Size([300])
classifier.2.weight  | nonzeros =     158 /   30000             (  0.53%) | total_pruned =   29842 | shape = torch.Size([100, 300])
classifier.2.bias    | nonzeros =       3 /     100             (  3.00%) | total_pruned =      97 | shape = torch.Size([100])
classifier.4.weight  | nonzeros =     122 /    1000             ( 12.20%) | total_pruned =     878 | shape = torch.Size([10, 100])
classifier.4.bias    | nonzeros =       0 /      10             (  0.00%) | total_pruned =      10 | shape = torch.Size([10])
alive: 427, pruned : 266183, total: 266610, Compression rate :     624.38x  ( 99.84% pruned)
Train Epoch: 99/100 Loss: 0.589065 Accuracy: 80.24 81.09 % Best test Accuracy: 80.52%
Pruning with threshold : 1.0822413682937622
Non-zero model percentage: 0.03225685656070709%, Non-zero mask percentage: 0.03225685656070709%

--- Pruning Level [5/7]: ---
classifier.0.weight  | nonzeros =      25 /  235200             (  0.01%) | total_pruned =  235175 | shape = torch.Size([300, 784])
classifier.0.bias    | nonzeros =       0 /     300             (  0.00%) | total_pruned =     300 | shape = torch.Size([300])
classifier.2.weight  | nonzeros =      27 /   30000             (  0.09%) | total_pruned =   29973 | shape = torch.Size([100, 300])
classifier.2.bias    | nonzeros =       3 /     100             (  3.00%) | total_pruned =      97 | shape = torch.Size([100])
classifier.4.weight  | nonzeros =      31 /    1000             (  3.10%) | total_pruned =     969 | shape = torch.Size([10, 100])
classifier.4.bias    | nonzeros =       0 /      10             (  0.00%) | total_pruned =      10 | shape = torch.Size([10])
alive: 86, pruned : 266524, total: 266610, Compression rate :    3100.12x  ( 99.97% pruned)
Train Epoch: 99/100 Loss: 1.609847 Accuracy: 48.09 47.69 % Best test Accuracy: 49.30%
Pruning with threshold : 1.5409982204437256
Non-zero model percentage: 0.006751434411853552%, Non-zero mask percentage: 0.006751434411853552%

--- Pruning Level [6/7]: ---
classifier.0.weight  | nonzeros =       6 /  235200             (  0.00%) | total_pruned =  235194 | shape = torch.Size([300, 784])
classifier.0.bias    | nonzeros =       0 /     300             (  0.00%) | total_pruned =     300 | shape = torch.Size([300])
classifier.2.weight  | nonzeros =       6 /   30000             (  0.02%) | total_pruned =   29994 | shape = torch.Size([100, 300])
classifier.2.bias    | nonzeros =       1 /     100             (  1.00%) | total_pruned =      99 | shape = torch.Size([100])
classifier.4.weight  | nonzeros =       5 /    1000             (  0.50%) | total_pruned =     995 | shape = torch.Size([10, 100])
classifier.4.bias    | nonzeros =       0 /      10             (  0.00%) | total_pruned =      10 | shape = torch.Size([10])
alive: 18, pruned : 266592, total: 266610, Compression rate :   14811.67x  ( 99.99% pruned)
Train Epoch: 99/100 Loss: 2.064748 Accuracy: 25.51 25.60 % Best test Accuracy: 25.55%
