Non-zero model percentage: 100.0%, Non-zero mask percentage: 100.0%

--- Pruning Level [0/7]: ---
classifier.0.weight  | nonzeros =  235200 /  235200             (100.00%) | total_pruned =       0 | shape = torch.Size([300, 784])
classifier.0.bias    | nonzeros =     300 /     300             (100.00%) | total_pruned =       0 | shape = torch.Size([300])
classifier.2.weight  | nonzeros =   30000 /   30000             (100.00%) | total_pruned =       0 | shape = torch.Size([100, 300])
classifier.2.bias    | nonzeros =     100 /     100             (100.00%) | total_pruned =       0 | shape = torch.Size([100])
classifier.4.weight  | nonzeros =    1000 /    1000             (100.00%) | total_pruned =       0 | shape = torch.Size([10, 100])
classifier.4.bias    | nonzeros =      10 /      10             (100.00%) | total_pruned =       0 | shape = torch.Size([10])
alive: 266610, pruned : 0, total: 266610, Compression rate :       1.00x  (  0.00% pruned)
Train Epoch: 35/100 Loss: 0.001944 Accuracy: 98.30 100.00 % Best test Accuracy: 98.30%
Pruning with threshold : 0.024047934636473655
Non-zero model percentage: 20.0%, Non-zero mask percentage: 20.0%

--- Pruning Level [1/7]: ---
classifier.0.weight  | nonzeros =   36197 /  235200             ( 15.39%) | total_pruned =  199003 | shape = torch.Size([300, 784])
classifier.0.bias    | nonzeros =      19 /     300             (  6.33%) | total_pruned =     281 | shape = torch.Size([300])
classifier.2.weight  | nonzeros =   16183 /   30000             ( 53.94%) | total_pruned =   13817 | shape = torch.Size([100, 300])
classifier.2.bias    | nonzeros =      38 /     100             ( 38.00%) | total_pruned =      62 | shape = torch.Size([100])
classifier.4.weight  | nonzeros =     877 /    1000             ( 87.70%) | total_pruned =     123 | shape = torch.Size([10, 100])
classifier.4.bias    | nonzeros =       8 /      10             ( 80.00%) | total_pruned =       2 | shape = torch.Size([10])
alive: 53322, pruned : 213288, total: 266610, Compression rate :       5.00x  ( 80.00% pruned)
Train Epoch: 21/100 Loss: 0.004713 Accuracy: 98.28 100.00 % Best test Accuracy: 98.29%
Pruning with threshold : 0.053837780654430394
Non-zero model percentage: 4.000225067138672%, Non-zero mask percentage: 4.000225067138672%

--- Pruning Level [2/7]: ---
classifier.0.weight  | nonzeros =    4185 /  235200             (  1.78%) | total_pruned =  231015 | shape = torch.Size([300, 784])
classifier.0.bias    | nonzeros =       2 /     300             (  0.67%) | total_pruned =     298 | shape = torch.Size([300])
classifier.2.weight  | nonzeros =    5734 /   30000             ( 19.11%) | total_pruned =   24266 | shape = torch.Size([100, 300])
classifier.2.bias    | nonzeros =       8 /     100             (  8.00%) | total_pruned =      92 | shape = torch.Size([100])
classifier.4.weight  | nonzeros =     734 /    1000             ( 73.40%) | total_pruned =     266 | shape = torch.Size([10, 100])
classifier.4.bias    | nonzeros =       2 /      10             ( 20.00%) | total_pruned =       8 | shape = torch.Size([10])
alive: 10665, pruned : 255945, total: 266610, Compression rate :      25.00x  ( 96.00% pruned)
Train Epoch: 99/100 Loss: 0.021550 Accuracy: 97.98 99.94 % Best test Accuracy: 98.04%
Pruning with threshold : 0.17143324613571168
Non-zero model percentage: 0.8000450134277344%, Non-zero mask percentage: 0.8000450134277344%

--- Pruning Level [3/7]: ---
classifier.0.weight  | nonzeros =     937 /  235200             (  0.40%) | total_pruned =  234263 | shape = torch.Size([300, 784])
classifier.0.bias    | nonzeros =       2 /     300             (  0.67%) | total_pruned =     298 | shape = torch.Size([300])
classifier.2.weight  | nonzeros =     761 /   30000             (  2.54%) | total_pruned =   29239 | shape = torch.Size([100, 300])
classifier.2.bias    | nonzeros =       1 /     100             (  1.00%) | total_pruned =      99 | shape = torch.Size([100])
classifier.4.weight  | nonzeros =     432 /    1000             ( 43.20%) | total_pruned =     568 | shape = torch.Size([10, 100])
classifier.4.bias    | nonzeros =       0 /      10             (  0.00%) | total_pruned =      10 | shape = torch.Size([10])
alive: 2133, pruned : 264477, total: 266610, Compression rate :     124.99x  ( 99.20% pruned)
Train Epoch: 99/100 Loss: 0.061353 Accuracy: 96.52 97.59 % Best test Accuracy: 96.57%
Pruning with threshold : 0.4798132658004761
Non-zero model percentage: 0.16015903651714325%, Non-zero mask percentage: 0.16015903651714325%

--- Pruning Level [4/7]: ---
classifier.0.weight  | nonzeros =     134 /  235200             (  0.06%) | total_pruned =  235066 | shape = torch.Size([300, 784])
classifier.0.bias    | nonzeros =       1 /     300             (  0.33%) | total_pruned =     299 | shape = torch.Size([300])
classifier.2.weight  | nonzeros =     155 /   30000             (  0.52%) | total_pruned =   29845 | shape = torch.Size([100, 300])
classifier.2.bias    | nonzeros =       1 /     100             (  1.00%) | total_pruned =      99 | shape = torch.Size([100])
classifier.4.weight  | nonzeros =     136 /    1000             ( 13.60%) | total_pruned =     864 | shape = torch.Size([10, 100])
classifier.4.bias    | nonzeros =       0 /      10             (  0.00%) | total_pruned =      10 | shape = torch.Size([10])
alive: 427, pruned : 266183, total: 266610, Compression rate :     624.38x  ( 99.84% pruned)
Train Epoch: 99/100 Loss: 0.544876 Accuracy: 85.64 84.49 % Best test Accuracy: 85.80%
Pruning with threshold : 1.2250286340713503
Non-zero model percentage: 0.03225685656070709%, Non-zero mask percentage: 0.03225685656070709%

--- Pruning Level [5/7]: ---
classifier.0.weight  | nonzeros =      25 /  235200             (  0.01%) | total_pruned =  235175 | shape = torch.Size([300, 784])
classifier.0.bias    | nonzeros =       0 /     300             (  0.00%) | total_pruned =     300 | shape = torch.Size([300])
classifier.2.weight  | nonzeros =      32 /   30000             (  0.11%) | total_pruned =   29968 | shape = torch.Size([100, 300])
classifier.2.bias    | nonzeros =       1 /     100             (  1.00%) | total_pruned =      99 | shape = torch.Size([100])
classifier.4.weight  | nonzeros =      28 /    1000             (  2.80%) | total_pruned =     972 | shape = torch.Size([10, 100])
classifier.4.bias    | nonzeros =       0 /      10             (  0.00%) | total_pruned =      10 | shape = torch.Size([10])
alive: 86, pruned : 266524, total: 266610, Compression rate :    3100.12x  ( 99.97% pruned)
Train Epoch: 46/100 Loss: 2.007005 Accuracy: 36.13 35.60 % Best test Accuracy: 36.53%
Pruning with threshold : 1.6309559345245361
Non-zero model percentage: 0.006751434411853552%, Non-zero mask percentage: 0.006751434411853552%

--- Pruning Level [6/7]: ---
classifier.0.weight  | nonzeros =       6 /  235200             (  0.00%) | total_pruned =  235194 | shape = torch.Size([300, 784])
classifier.0.bias    | nonzeros =       0 /     300             (  0.00%) | total_pruned =     300 | shape = torch.Size([300])
classifier.2.weight  | nonzeros =       5 /   30000             (  0.02%) | total_pruned =   29995 | shape = torch.Size([100, 300])
classifier.2.bias    | nonzeros =       1 /     100             (  1.00%) | total_pruned =      99 | shape = torch.Size([100])
classifier.4.weight  | nonzeros =       6 /    1000             (  0.60%) | total_pruned =     994 | shape = torch.Size([10, 100])
classifier.4.bias    | nonzeros =       0 /      10             (  0.00%) | total_pruned =      10 | shape = torch.Size([10])
alive: 18, pruned : 266592, total: 266610, Compression rate :   14811.67x  ( 99.99% pruned)
Train Epoch: 45/100 Loss: 2.149398 Accuracy: 19.91 19.62 % Best test Accuracy: 20.02%
